// Jest Snapshot v1, https://goo.gl/fbAQLP

exports[`removeEnrolledDevice should not try to remove device that does not exist 1`] = `
Object {
  "device": Object {
    "device": Object {
      "data": Array [],
      "indices": Array [
        Object {
          "index": Object {
            "id": 1,
          },
          "options": Object {
            "unique": true,
          },
        },
      ],
    },
  },
}
`;

exports[`removeEnrolledDevice should not try to remove device when input is incorrect 1`] = `
Object {
  "device": Object {
    "device": Object {
      "data": Array [
        Object {
          "accountId": "51cc7c03-3f86-44ae-8be2-5fcf5536c08b",
          "created": 2020-01-01T07:00:00.000Z,
          "events": Array [
            Object {
              "date": 2020-01-01T07:00:00.000Z,
              "name": "device_created",
              "payload": Object {
                "accountId": "51cc7c03-3f86-44ae-8be2-5fcf5536c08b",
                "created": 2020-01-01T07:00:00.000Z,
                "macAddress": "0025:96FF:FE12:3456",
                "name": "My iPhone 12",
                "pin": Object {
                  "signature": null,
                  "updated": null,
                },
                "publicKey": "-----BEGIN RSA PUBLIC KEY-----
MIICCgKCAgEAs7ydT9Ndt1Idx9NE2zMhAcecJGUcIlbWeXEtZJA7aKZDDhxYaEGB
WZvX+GRndllnPrOgzoxukITGYvj88bnrGZVZX2ckjIVUR1NxDrhyMjqnn4yDz4UB
Q3Zqt6Gz6DcE+Y9ro6kyhu01KPMyUlhDQAUdwpIJA3saUJ5KZj6ai4NTuXbLqzly
+3H5TMQY4WjrQwj/KRuq8LBEsR4YGaiaFZjHaf5n8+s2Gim/dDgAbIsZS+lGTwgx
nigd7dKP9tG6q3GwNPNBSuuQh6rVbBKbmzBa5rO9SmeZ+HLUyClpzhZ+Hp8yOGAn
qQFZZnokJ6dhxDEQcxPV2HUsYpi3oYSSomXsLgYSja1VT7CgeBchWj07ux6MnagM
AB1+O7O2yzu0LYJc72BQOJaSIrBCh1FcPjM0KC1CPocux2JtqgDL/Td+V5HbLU9n
ZQQoYDcrK3ozSne9ojioUWEwdBEzQmj9e3Wei87EyLe5bn/6tDbg17R7ZlVy2iVs
IFziLHrv3VUIbESy5tTCdzK/qzFR0hlxejT12CTUSkN5eKmfz0pfzt+w8ldEfpws
lBUcoS4sBIR3urpvx1EKM1xaUHfchhIKnY5KGTEM+5rJVwlDq+3lLcrJI3AErTAX
gSR6fcZmKuI4nCfTKl3ykozcPwpEmfRgSBDHKwDJe6ZbK0sL4ScVookCAwEAAQ==
-----END RSA PUBLIC KEY-----
",
                "recoveryKeys": Array [],
                "secret": Object {
                  "signature": null,
                  "updated": null,
                },
                "updated": 2020-01-01T07:00:00.000Z,
              },
            },
          ],
          "id": "d9b9adec-81fa-4ea0-8cf3-44ccd4fe5162",
          "macAddress": "0025:96FF:FE12:3456",
          "name": "My iPhone 12",
          "pin": Object {
            "signature": null,
            "updated": null,
          },
          "publicKey": "-----BEGIN RSA PUBLIC KEY-----
MIICCgKCAgEAs7ydT9Ndt1Idx9NE2zMhAcecJGUcIlbWeXEtZJA7aKZDDhxYaEGB
WZvX+GRndllnPrOgzoxukITGYvj88bnrGZVZX2ckjIVUR1NxDrhyMjqnn4yDz4UB
Q3Zqt6Gz6DcE+Y9ro6kyhu01KPMyUlhDQAUdwpIJA3saUJ5KZj6ai4NTuXbLqzly
+3H5TMQY4WjrQwj/KRuq8LBEsR4YGaiaFZjHaf5n8+s2Gim/dDgAbIsZS+lGTwgx
nigd7dKP9tG6q3GwNPNBSuuQh6rVbBKbmzBa5rO9SmeZ+HLUyClpzhZ+Hp8yOGAn
qQFZZnokJ6dhxDEQcxPV2HUsYpi3oYSSomXsLgYSja1VT7CgeBchWj07ux6MnagM
AB1+O7O2yzu0LYJc72BQOJaSIrBCh1FcPjM0KC1CPocux2JtqgDL/Td+V5HbLU9n
ZQQoYDcrK3ozSne9ojioUWEwdBEzQmj9e3Wei87EyLe5bn/6tDbg17R7ZlVy2iVs
IFziLHrv3VUIbESy5tTCdzK/qzFR0hlxejT12CTUSkN5eKmfz0pfzt+w8ldEfpws
lBUcoS4sBIR3urpvx1EKM1xaUHfchhIKnY5KGTEM+5rJVwlDq+3lLcrJI3AErTAX
gSR6fcZmKuI4nCfTKl3ykozcPwpEmfRgSBDHKwDJe6ZbK0sL4ScVookCAwEAAQ==
-----END RSA PUBLIC KEY-----
",
          "recoveryKeys": Array [],
          "secret": Object {
            "signature": null,
            "updated": null,
          },
          "uniqueId": "a097a56f506a4091b4c93a8bfb8cec0f",
          "updated": 2020-01-01T07:00:00.000Z,
          "version": 0,
        },
      ],
      "indices": Array [
        Object {
          "index": Object {
            "id": 1,
          },
          "options": Object {
            "unique": true,
          },
        },
      ],
    },
  },
}
`;

exports[`removeEnrolledDevice should remove existing device 1`] = `
Object {
  "device": Object {
    "device": Object {
      "data": Array [],
      "indices": Array [
        Object {
          "index": Object {
            "id": 1,
          },
          "options": Object {
            "unique": true,
          },
        },
      ],
    },
  },
}
`;
