// Jest Snapshot v1, https://goo.gl/fbAQLP

exports[`createDevice should create a device 1`] = `
Object {
  "identity": Object {
    "device": Object {
      "data": Array [
        Object {
          "accountId": "e2829fb8-8fa5-4286-892f-228a9e9d2f5b",
          "created": 2020-01-01T07:00:00.000Z,
          "events": Array [
            Object {
              "date": 2020-01-01T07:00:00.000Z,
              "name": "device_created",
              "payload": Object {
                "accountId": "e2829fb8-8fa5-4286-892f-228a9e9d2f5b",
                "created": 2020-01-01T07:00:00.000Z,
                "macAddress": "macAddress",
                "name": "name",
                "pin": Object {
                  "signature": "MTIzNDU2",
                  "updated": 2020-01-01T07:00:00.000Z,
                },
                "publicKey": "publicKey",
                "secret": Object {
                  "signature": "c2VjcmV0",
                  "updated": 2020-01-01T07:00:00.000Z,
                },
                "updated": 2020-01-01T07:00:00.000Z,
              },
            },
          ],
          "id": "be3a62d1-24a0-401c-96dd-3aff95356811",
          "macAddress": "macAddress",
          "name": "name",
          "pin": Object {
            "signature": "MTIzNDU2",
            "updated": 2020-01-01T07:00:00.000Z,
          },
          "publicKey": "publicKey",
          "secret": Object {
            "signature": "c2VjcmV0",
            "updated": 2020-01-01T07:00:00.000Z,
          },
          "uniqueId": "uniqueId",
          "updated": 2020-01-01T07:00:00.000Z,
          "version": 0,
        },
      ],
      "indices": Array [
        Object {
          "index": Object {
            "id": 1,
          },
          "options": Object {
            "unique": true,
          },
        },
      ],
    },
  },
}
`;
