// Jest Snapshot v1, https://goo.gl/fbAQLP

exports[`updateDeviceName should update device name 1`] = `
Object {
  "identity": Object {
    "device": Object {
      "data": Array [
        Object {
          "accountId": "eaf6491b-d3c5-4122-b246-5a28cbe2ff3c",
          "created": 2020-01-01T07:00:00.000Z,
          "events": Array [
            Object {
              "date": 2020-01-01T07:00:00.000Z,
              "name": "device_created",
              "payload": Object {
                "accountId": "eaf6491b-d3c5-4122-b246-5a28cbe2ff3c",
                "created": 2020-01-01T07:00:00.000Z,
                "macAddress": null,
                "name": null,
                "pin": Object {
                  "signature": null,
                  "updated": null,
                },
                "publicKey": "publicKey",
                "secret": Object {
                  "signature": null,
                  "updated": null,
                },
                "updated": 2020-01-01T07:00:00.000Z,
              },
            },
            Object {
              "date": 2020-01-01T07:00:00.000Z,
              "name": "device_name_changed",
              "payload": Object {
                "name": "name",
              },
            },
          ],
          "id": "d7230fc6-322f-44d9-9ef6-b2abba9ad6a4",
          "macAddress": null,
          "name": "name",
          "pin": Object {
            "signature": null,
            "updated": null,
          },
          "publicKey": "publicKey",
          "secret": Object {
            "signature": null,
            "updated": null,
          },
          "uniqueId": null,
          "updated": 2020-01-01T07:00:00.000Z,
          "version": 1,
        },
      ],
      "indices": Array [
        Object {
          "index": Object {
            "id": 1,
          },
          "options": Object {
            "unique": true,
          },
        },
      ],
    },
  },
}
`;
