// Jest Snapshot v1, https://goo.gl/fbAQLP

exports[`config should provide configuration 1`] = `
Object {
  "BASIC_AUTH_MW_OPTIONS": Object {
    "clients": Array [
      Object {
        "password": "secret",
        "username": "secret",
      },
    ],
  },
  "BEARER_AUTH_MW_OPTIONS": Object {
    "audience": "access",
    "issuer": "https://test.authentication.lindorm.io",
  },
  "CHALLENGE_EXPIRY": "15 minutes",
  "CRYPTO_PASSWORD_OPTIONS": Object {
    "aesSecret": "secret",
    "shaSecret": "secret",
  },
  "ENROLMENT_EXPIRY": "5 minutes",
  "HOST": "https://test.device.lindorm.io",
  "IS_TEST": true,
  "MONGO_CONNECTION_OPTIONS": Object {
    "auth": Object {
      "password": "example",
      "user": "root",
    },
    "databaseName": "device",
    "type": "STORAGE",
    "url": Object {
      "host": "localhost",
      "port": 27017,
    },
  },
  "NODE_ENVIRONMENT": "test",
  "REDIS_CONNECTION_OPTIONS": Object {
    "port": 6379,
    "type": "CACHE",
  },
  "SERVER_PORT": 3001,
  "TOKEN_ISSUER_MW_OPTIONS": Object {
    "issuer": "https://test.authentication.lindorm.io",
  },
  "WEB_KEY_MW_OPTIONS": Object {
    "host": "https://test.authentication.lindorm.io",
  },
}
`;
