// Jest Snapshot v1, https://goo.gl/fbAQLP

exports[`EnrolmentController initialise should initialise device enrolment 1`] = `
Object {
  "certificateChallenge": "ESJh38hYfJ7481UFTQgq63wxxiOub1Xt7YKGJIukrBlIA5RNR6rDriiQ977psN1u",
  "enrolmentId": "d43e9912-b565-47c6-acd3-9ecd477d46bc",
  "expires": 2099-01-01T00:00:00.000Z,
}
`;

exports[`EnrolmentController verify should verify device enrolment 1`] = `
Object {
  "deviceId": "d9b9adec-81fa-4ea0-8cf3-44ccd4fe5162",
  "recoveryKey": "AAAA-111222-BBBB-333444-CCCC",
}
`;
