// Jest Snapshot v1, https://goo.gl/fbAQLP

exports[`assertChallenge should verify challenge 1`] = `
Challenge {
  "_created": 2020-01-01T07:00:00.000Z,
  "_events": Array [],
  "_id": "eb14da97-6c96-4833-8046-54d1697d7a49",
  "_updated": 2020-01-01T07:00:00.000Z,
  "_version": 0,
  "certificateChallenge": "ESJh38hYfJ7481UFTQgq63wxxiOub1Xt7YKGJIukrBlIA5RNR6rDriiQ977psN1u",
  "deviceId": "d9b9adec-81fa-4ea0-8cf3-44ccd4fe5162",
  "expires": 2099-01-01T00:00:00.000Z,
  "scope": "sign_in",
  "strategy": "secret",
}
`;
